_f, _f, _f, _f, _f, _f, _f, _f, _f, _f, _f, _f, _f, _f, _f, _f, _f, _f, _f, _f, _f, _f, _f, _f, _f, _f, _f, _f, _f, _f, _f, _f, _f, _f, _f, _f, _f, _f, _f
_f, _f, _f, _f, _f, _f, _f, _f, _f, _f, _f, _f, _f, _f, _f, _f, _f, _f, Gll, Gll, Gll, _f, _f, _f, _f, _f, _f, _f, _f, _f, _f, _f, _f, _f, _f, _f, _f, _f, _f
_f, _f, _f, _f, _f, _f, _f, _f, _f, _f, _f, _f, _f, _f, _f, _f, Gll^Fdw, Gd, Gll, Gd, Gll, Gll, Gll, _f, _f, _f, _f, _f, _f, _f, _f, _f, _f, _f, _f, _f, _f, _f, _f
_f, _f, _f, _f, _f, _f, _f, _f, _f, _f, _f, _f, _f, _f, Gll^Fdw, Gll^Fdw, Gll^Fdw, Gd^Edt, Gd^Edt, Gll, Gll, Gll, Gll, Gll, Gll, _f, _f, _f, _f, _f, _f, _f, _f, _f, _f, _f, _f, _f, _f
_f, _f, _f, _f, _f, _f, _f, _f, _f, _f, _f, _f, Gd, Gd^Edt, Gd, Gd, Gd, Gd, Re, Rb, Rb, Gll, Rb^Edb, Gll, Gll, Gll, Gll, _f, _f, _f, _f, _f, _f, _f, _f, _f, _f, _f, _f
_f, _f, _f, _f, _f, _f, _f, _f, _f, _f, Gll^Fdw, Gd, Gd, Gd, Re, Re, Re, Re, Gd, Rb, Rb, Rb^Edb, Gll^Edb, Rb^Edb, Rb, Gll^Es, Gll, Gll^Fdw, Gll^Fdw, _f, _f, _f, _f, _f, _f, _f, _f, _f, _f
_f, _f, _f, _f, _f, _f, _f, _f, Gd, Gd, Re, Gd, Re, Re, Re, Gd^Edt, Gd, Gd, Gd, Gll, Gll, Gll, Gll^Edb, Rb^Edb, Gll, Rb^Es, Gll, Gll, Ur, Gll, Gll, _f, _f, _f, _f, _f, _f, _f, _f
_f, _f, _f, _f, _f, _f, Gll^Fdw, Gll^Fdw, Gd, Gd, Ko^Ecf, Rb, Rb, Re, Gd, Gd, Gd, Gd, Gll, Gll, Gll, Gll, Md, Gll, Gll, Ur, Uue, Rb, Xu, Uue^Ebn, Gll, Gll, Gll, _f, _f, _f, _f, _f, _f
_f, _f, _f, _f, Gd, Gd, Gll^Fdw, Gll^Fdw, Gd, Re, Rb, Rb, Gd, Gd, Md, Hhd, Gd, Gd, Gd^Vo, Gd, Gll, Gll, Hhd^Fdw, Hhd^Fdw, Gll^Fdw, Gll, Gll^Edb, Ur^Edb, Ur, Uue, Ur, Gll, Gll, Gll, Gll^Fdw, _f, _f, _f, _f
_f, _f, Re^Edt, Gd^Edt, Re, Gd, Gd, Gd, Gd, Re, Gd, Gd, Hhd, Hhd, Gd, Gd, Re, Gd, Gll, Gll, Gll, Gll, Gll, Gll^Fdw, Gll, Gll, Gll, Gll^Edb, Gll^Edb, Gll, Ur, Gll, Gll, Gll^Fdw, Gll^Fdw, Gll, Ur, _f, _f
_f, Re, Re^Edt, Rb, Uue, Re, Gd^Edt, Gd^Edt, Re, Rb, Gd, Gd, Gd, Gd, Gd^Edb, Hhd, Re, Re, Re, Gll, Gll, Rb, Hhd, Gll, Gll, Gll, Uue, Gll, Gll, Rb, Rb, Gll, Gll, Gll^Es, Uue^Ebn, Uue, Rb^Es, Rb, _f
_f, Re, Rb, Ko^Ecf, Re, Rb, Re, Re^Edt, Gd, Gd, Gd, Gd, Hhd, Gd, Re, Gd, Gd, Re, Ww, Ww, Ww, Gll^Fdw, Gll^Fdw, Rb, Rb, Uue, Uue, Gll, Gll, Ur, Rb, Gll, Rb, Ur, Uue, Xue, Uue, Gll, _f
_f, Gll^Fdw, Re, Uue, Re, Re, Re, Re, Gd, Gd^Edb, Gd, Hhd, Gll^Fdw, Re, Re, Gd, Ww, Ww, Sm, Sm, Sm, Ww, Wwg, Gll, Rb, Gll, Rb, Gll, Gll^Fdw, Gll, Rb, Rb^Edb, Rb, Rb, Gll^Edb, Ur^Es, Gll^Fdw, Gll^Fdw, _f
_f, Gd, Gd, Re, Re^Edt, Re, Gd, Re, Re, Gd, Gd, Gd, Re, Re, Ww, Re, Sm, Sm, Kdr, Re, Kdr, Ss, Ss, Gll, Ss, Gll^Fdw, Gll, Gll, Gll, Gll^Vhs, Rb, Rb, Rb^Edb, Rb^Edb, Rb^Edb, Gll, Gll, Gll^Fdw, Gll
_f, Gd, Gd, Gd^Edt, Rb^Edt, Gd, Gd, Gd, Gd^Vo, Re, Re, Gd, Ww, Ww, Sm, Re, Re^Dr, Cdr, Re^Vdr, Re, Re^Vdr, Cdr, Re^Dr, Re, Ss, Ss, Wwg, Gll, Ur, Rb, Gll, Gll, Gll, Gll, Ur, Ur, Gll, Gll, _f
_f, Gll^Fdw, Gd, Gd^Edt, Rb^Edt, Gd, Gd, Gd, Gd, Hhd, Gd, Re, Ww^Bw\, Sm, Kdr, Cd, Ur^Edb, Uue^Edb, Re^Ecf, Re, Re, Re^Edt, Re^Edt, Cdr, Kdr, Wwg, Ww^Bw/r, Ur, Gll, Gll, Hhd, Gll, Gll, Gll, Rb, Gll, Gll, Gll^Fdw, _f
_f, Gll^Fdw, Gd, Re, Re, Gd, Gll^Fdw, Hhd, Re, Hhd, Re, Ww, Sm, Re, Re, Re, Re^Ecf, Xue, Ur^Edb, Re, Cdr, Re^Edt, Re, Re^Vdr, Re, Re, Wwg, Wwg, Gll, Rb, Rb, Gll, Gll^Edb, Gll, Gll^Es, Rb, Gll^Fdw, Gll^Fdw, _f
_f, Gll^Fdw, Rb, Rb, Rb, Gd^Edt, Gd, Gll^Fdw, Gd, Re, Re, Ww, Sm, Kdr, Re^Vdr, Re, Re, Uue^Edb, Ur^Edb, Rb, Cdr, Rb, Re^Vdr, Re, Re^Vdr, Kd, Ss, Ss, Gll, Rb, Gll, Gll^Edb, Gll^Edb, Gll^Edb, Uue, Rb, Uue, Gll^Fdw, _f
_f, Gd, Re, Ko^Ecf, Rb, Gd, Gd, Gd, Re, Re, Gd, Ww, Re, Cdr, Re, Re, Cd, Uue^Edb, Uue, Rb, 5 Kdr, Cd, Ur, Re, Re, Cdr, Re, Ss, Gll, Gll, Hhd, Md, Gll, Gll^Es, Uue^Ebn, Xu, Ur^Es, Gll, _f
_f, Gd, Re, Re, Re, Gd, Gd, Hhd, Gd, Gd, Gd^Edb, Gd, Re, Re^Dr, Re, Ur, Re, Cd, 4 Kd, Ur, Ur, Cd, Cd, Ur, Re, Re^Dr, Re, Gll, Gll, Gll, Gll, Hhd, Gll, Gll^Fdw, Gll, Uue, Ur, Gll, _f
_f, Gd, Gd, Rb, Gd, Gd, Gd^Edb, Re, Gd, Re, Gd, Gd, Sm, Cdr, Re^Vdr, Rb, Re^Vdr, Cd, Cdr, Ur, Rb^Edb, Rb, Rb^Edb, Rb, Re^Vdr, Cdr, Ss, Gll, Gll, Rb, Gll, Gll, Gll, Gll^Fdw, Rb, Ur, Gll^Fdw, Gll, _f
_f, Gd, Gd, Rb, Rb, Gd, Gd, Gd, Hhd, Re, Re, Ww, Sm, Kd, Re, Re, Re, Re, Cdr, Rb^Edb, Ur^Edb, Uue^Edb, Ur^Ecf, Re^Edb, Re, Kd, Ss, Ss, Gll^Fdw, Rb, Rb, Gll, Gll, Gll, Rb, Rb, Gll^Fdw, Gll, _f
_f, Gd, Gd, Gd^Edb, Re, Gd, Gd, Hhd, Hhd, Gll^Fdw, Gd, Ww, Sm, Re, Kdr, Re^Vdr, Ur^Edb, Re, Re, Re, Uue^Ecf, Xue, Ur^Edb, Re^Edb, Kdr, Re, Sm, Ww, Gll, Rb, Gll, Hhd, Gll, Gll^Edb, Ur, Gll, Gll, Gll, _f
_f, Gd, Gd, Gd, Gd, Re, Re, Gd, Gd^Edb, Gd, Rd, Ww, Ww, Sm, Sm, Cdr, Rd^Dr, Uue^Edb, Re^Vdr, Re^Edb, Re^Vdr, Uue^Edb, Rd^Dr, Cdr, Sm, Sm, Ww, Ww, Dd, Dd, Gll^Vhs, Gll, Rb, Rb, Gll^Edb, Gll^Edb, Gll, Gll, _f
_f, Gll^Fdw, Gll^Fdw, Gd, Gd, Re, Re, Gd, Gd, Gd, Rd, Rd, Dd^Edpp, Ww, Ww, Re, Sm, Cdr, Kdr, Re, Kd, Cdr, Sm, Re, Ww, Ww, Rd, Dd, Dd, Dd, Dd, Gll, Re, Gll, Gll, Gll, Gll, Gll, _f
_f, Gll^Fdw, Gd, Gd, Gd, Gd, Re, Gd, Dd, Dd^Vda, Dd, Rd, Rd, Dd, Dd, Dd, Ww, Sm, Sm, Re, Sm, Sm, Ww, Dd, Dd, Dd, Rd, Rd, Dd^Edp, Dd^Edp, Dd, Rd, Rd, Dd, Gll, Gll, Gll, Gll, _f
_f, Gd, Gd, Gd^Edb, Dd, Dd^Edpp, Dd, Rd, Dd, Dd, Hd, Dd, Dd^Edpp, Dd^Edpp, Rd, Rd, Dd, Ww, Ww, Ww^Bw|r, Ww, Ww, Dd, Dd^Esd, Dd, Dd^Esd, Dd, Dd, Dd^Ftd, Dd^Edp, Dd, Rd, Dd^Esd, Dd, Gll, Gll, Gll, Gll, _f
_f, Gd, Gd, Gd, Dd, Dd^Edpp, Dd, Rr, Rr, Hd, Hd, Dd, Dd^Ftd, Dd^Edpp, Dd^Ftd, Rd, Rd, Dd, Dd, Rd, Dd, Dd, Rd, Dd^Edp, Dd, Rd, Dd, Dd^Do, Hd, Dd, Dd, Rd, Dd, Dd, Dd, Dd, Dd, Gll, _f
_f, Gd, Dd^Edpp, Gd, Dd, Dd, Dd, Dd, Rr, Rd, Dd, Dd, Hd, Dd^Ftd, Hd, Dd, Dd, Dd^Edpp, Dd, Rd, Dd, Rd, Dd, Rd, Dd^Ftd, Dd^Ftd, Dd, Hd, Hd, Dd, Rd, Rr, Dd, Dd, Dd^Edpp, Dd^Edpp, Dd, Gll, _f
_f, _f, _f, Dd, Hd, Hd, Hd, Dd, Dd, Rd, Rd, Dd, Dd, Hd, Dd, Dd^Esd, Dd^Ftd, Dd, Dd, Rd, Dd^Vda, Dd, Dd^Esd, Dd, Dd, Dd^Edpp, Dd^Esd, Hd, Rr, Rd, Dd, Dd, Dd, Hd, Hd, Dd^Edpp, _f, _f, _f
_f, _f, _f, _f, _f, Hd, Hd, Dd, Dd^Ftd, Dd, Rr, Rd, Rd, Rd, Rr, Hd, Hd, Hd, Dd^Esd, Rd, Dd^Esd, Dd, Dd^Ftd, Hd, Hd, Dd^Esd, Rr, Rd, Rd, Dd, Dd, Dd, Dd, Hd, _f, _f, _f, _f, _f
_f, _f, _f, _f, _f, _f, _f, Dd^Ftd, Dd^Ftd, Dd^Ftd, Rd, Rd, Kdr, Rr, Rr, Rd, Rd, Dd, Dd^Esd, Rd, Hd, Dd, Dd, Hd, Rd, Rr, Kdr, Rd, Dd^Ftd, Dd^Ftd, Dd, Dd^Ftd, _f, _f, _f, _f, _f, _f, _f
_f, _f, _f, _f, _f, _f, _f, _f, _f, Dd^Ftd, Dd, Rd, Rd, Rd, Rd, Rd, Rd, Dd, Rd, Rd, Rr, Hd, Rr, Dd, Rd, Rd, Rd, Rd, Dd^Ftd, Dd^Ftd, _f, _f, _f, _f, _f, _f, _f, _f, _f
_f, _f, _f, _f, _f, _f, _f, _f, _f, _f, _f, Dd, Dd, Rr, Dd, Rd, Rd, Rd, Rr, Rd, Rd, Rr, Rd, Rd, Dd^Esd, Rr, Dd, Rd, _f, _f, _f, _f, _f, _f, _f, _f, _f, _f, _f
_f, _f, _f, _f, _f, _f, _f, _f, _f, _f, _f, _f, _f, Dd, Dd^Ftd, Dd^Ftd, Dd^Ftd, Rd, Rd, Rd, Rd, Rd, Dd^Ftd, Dd, Dd, Hd, _f, _f, _f, _f, _f, _f, _f, _f, _f, _f, _f, _f, _f
_f, _f, _f, _f, _f, _f, _f, _f, _f, _f, _f, _f, _f, _f, _f, Dd^Ftd, Dd^Ftd, Rd, Rd, Kd, Rd, Rd, Dd^Ftd, Dd^Ftd, _f, _f, _f, _f, _f, _f, _f, _f, _f, _f, _f, _f, _f, _f, _f
_f, _f, _f, _f, _f, _f, _f, _f, _f, _f, _f, _f, _f, _f, _f, _f, _f, Dd^Ftd, Rd, Rd, Rd, Dd^Ftd, _f, _f, _f, _f, _f, _f, _f, _f, _f, _f, _f, _f, _f, _f, _f, _f, _f
_f, _f, _f, _f, _f, _f, _f, _f, _f, _f, _f, _f, _f, _f, _f, _f, _f, _f, _f, Rd, _f, _f, _f, _f, _f, _f, _f, _f, _f, _f, _f, _f, _f, _f, _f, _f, _f, _f, _f
_f, _f, _f, _f, _f, _f, _f, _f, _f, _f, _f, _f, _f, _f, _f, _f, _f, _f, _f, _f, _f, _f, _f, _f, _f, _f, _f, _f, _f, _f, _f, _f, _f, _f, _f, _f, _f, _f, _f
