_f, _f, _f, _f, _f, _f, _f, _f, _f, _f, _f, _f, _f, _f, _f, _f, _f, _f, _f, _f, _f, _f, _f, _f, _f, _f, _f, _f, _f, _f, _f, _f, _f, _f, _f, _f, _f, _f, _f
_f, _f, _f, _f, _f, _f, _f, _f, _f, _f, _f, _f, _f, _f, _f, _f, _f, _f, Gd, Wwf, Rb, _f, _f, _f, _f, _f, _f, _f, _f, _f, _f, _f, _f, _f, _f, _f, _f, _f, _f
_f, _f, _f, _f, _f, _f, _f, _f, _f, _f, _f, _f, _f, _f, _f, _f, Aa, Hhd, Wwf, Wwf, Rb^Edb, Gll, Uue, _f, _f, _f, _f, _f, _f, _f, _f, _f, _f, _f, _f, _f, _f, _f, _f
_f, _f, _f, _f, _f, _f, _f, _f, _f, _f, _f, _f, _f, _f, Gd^Fmf, Mdd, Hhd, Gd^Esa, Wwf, Rb^Edb, Uue, Uhe, Gll^Fdw, Uue, Gll, _f, _f, _f, _f, _f, _f, _f, _f, _f, _f, _f, _f, _f, _f
_f, _f, _f, _f, _f, _f, _f, _f, _f, _f, _f, _f, Aa, Aa, Gd^Esa, Hhd, Gd^Es, Gd, Wwf, Rb, Rb, Sm, Gll^Edb, Ur, Uhe, Rb, Gll, _f, _f, _f, _f, _f, _f, _f, _f, _f, _f, _f, _f
_f, _f, _f, _f, _f, _f, _f, _f, _f, _f, Hhd, Hhd, Aa, Aa, Gd^Fmw, Re, Re, Re, Gd^Fmf, Wwf, Wwf, Gll, Gll, Ur, Rb, Rb^Es, Tb, Gd, Gd, _f, _f, _f, _f, _f, _f, _f, _f, _f, _f
_f, _f, _f, _f, _f, _f, _f, _f, Gd^Fmf, Gd^Fmw, Re, Hhd, Hhd, Gd, Gd^Esa, Gd, Gd^Fmf, Hhd, Gd^Fmw, Gd^Fmf, Wwf, Gll, Uue, Gll, Rb, Ur, Rb^Edb, Sm, Uhe, Gll, Rb, _f, _f, _f, _f, _f, _f, _f, _f
_f, _f, _f, _f, _f, _f, Mdd, Hhd, Aa^Fmw, Gd^Fmf, Co^Ecf, Gd, Hhd^Es, Wwf, Aa, Aa, Gd, Gd, Gs, Gd, Wwf, Gll^Fdw, Uhe, Gll^Es, Gll, Rb^Edb, Rb^Edb, Uh^Ebn, Xoa, Uh^Eb, Rb, Gll, Gll, _f, _f, _f, _f, _f, _f
_f, _f, _f, _f, Aa, Hhd, Gd, Hhd, Gd, Gd^Esa, Gd^Es, Re, Gd, Gd, Gs, Aa, Hhd^Es, Gd^Es, Gd^Vo, Gd, Wwf, Gll, Uhe, Uhe, Sm, Ur, Ur, Uh, Uhe^Ebn, Uhe, Ur, Rb, Gll^Fdw, Gll, Gll, _f, _f, _f, _f
_f, _f, Gd, Gd^Edt, Gd, Gd^Fmf, Re, Re, Re, Gd, Re, Re, Gd^Esa, Gd, Gd, Gd, Gs, Gs^Es, Gd, Wwf, Rb, Gll, Gll, Gll^Fdw, Gll^Fdw, Gll, Gd, Gll, Gll, Ur, Uue, Rb, Rb, Ur, Gd^Es, Rb, Gll, _f, _f
_f, Re, Re^Es, Re, Co^Esa, Re, Gd^Fmf, Hhd, Hhd^Fmw, Re, Gd, Aa, Gs, Hhd^Es, Hhd, Gd^Fmw, Gs^Es, Gs^Es, Gd, Wwf, Rb, Gll, Gd, Gll, Gll, Gd, Gd, Sm, Uhe, Uhe, Gll, Gll, Rb^Edb, Ur, Uhe^Ebn, Uh, Uhe^Ebn, Gll, _f
_f, Gd^Esa, Re, Ko^Ecf, Co, Re, Gd, Hhd^Fmw, Gd, Gd, Gd^Fmf, Gs, Gs^Es, Hhd, Gd, Gd, Gd, Gd, Wwf, Wwf, Wwf, Rb, Gll^Edb, Gll^Edb, Gll, Gll^Dr, Gll, Uue, Uue, Uhe, Rb, Rb, Ur^Edb, Rb^Edb, Uhe, Xoa, Uh, Uue, _f
_f, Hhd^Esa, Re, Co, Re^Es, Re, Re, Gd, Gd, Hhd, Gll^Fmf, Gll^Fmw, Gs^Es, Gd^Es, Gd, Gs, Wwg, Wwg, Sm, Wwf, Sm, Wwg, Wwg, Gll^Edb, Gll^Edb, Gll, Gd, Uue, Gll^Fdw, Gll^Fdw, Gd, Gll, Gll^Edb, Rb^Edb, Rb^Edb, Uh^Ebn, Uue, Tb, _f
_f, Hhd, Aa, Re, Gd, Gd, Gd^Es, Re, Gd, Gd, Gd, Gd, Gd, Gd, Wwg, Rb, Ss, Wwg, Kdr, Re, Kdr, Wwg, Ss, Rb, Wwg, Gll, Gll, Gll, Gd, Gll^Vu, Gll, Ss^Edb, Gll, Ur, Rb, Sm, Uue, Sm, Xv
_f, Aa^Fma, Aa, Re, Re, Gd, Hhd, Re, Gd^Vo, Gd, Re, Gd, Wwg, Wwg, Wwg, Ss, Re^Bp/, Cdr, Re^Vdr, Ias, Re^Vdr, Cdr^Dr, Re^Bp\, Ss, Wwg, Wwg, Wwg, Gll, Gll, Gd, Uhe, Uue, Rb, Rb, Rb, Gll^Es, Gll, Gll, _f
_f, Hhd^Esa, Mdd, Hhd^Fmw, Re, Gd, Gs^Es, Re^Es, Re, Re, Gd, Re, Ww^Bp\, Sm, Kdr, Cd^Dr, Uhe^Ecf, Uhe, Uhe^Ecf, Ias, Re, Re^Edt, Re^Edt, Cdr, Kdr, Sm, Ww^Bp/, Gll, Gll, Gd, Uhe, Uhe, Uue, Gll, Ur, Rb, Ur, Gll, _f
_f, Aa, Hhd, Hhd^Fmf, Re, Gd, Gs, Gs^Es, Gd^Fmw, Gd, Gd, Wwg, Sm, Re, Ias, Re, Uhe, Uh, Uhe, Re, Cdr, Re^Edt, Ias, Re^Vdr, Ias, Re, Sm, Wwg, Gll^Edb, Gll, Uue, Uhe, Gll, Gll^Edb, Gll^Edb, Rb, Rb, Ur, _f
_f, Gd^Esa, Re, Re, Gd, Gd^Esa, Aa, Gd^Fmf, Gs, Gd^Gvs, Gd, Wwg, Wwg, Kdr, Re^Vdr, Ias, Re, Uhe^Ecf, Ias, Rb, Cdr, Ias, Re^Vdr, Ias, Re^Vdr, Kd, Wwg, Wwg, Gll^Edb, Gll^Edb, Gll, Gll, Gll^Fdw, Tb, Uhe^Ebn, Uh, Uhe^Eb, Rb, _f
_f, Gd, Re^Es, Co^Ecf, Gd, Aa, Gd^Esa, Hhd, Hhd^Fmf, Gd, Gd, Wwg, Ss, Cdr, Re, Re, Cd, Re, Ias, Ias, 5 Kdr, Cd, Ias, Ias, Re, Cdr^Dr, Ss, Wwg, Gll, Gll, Gd, Gll^Fdw, Sm, Gll, Uh, Xoa, Uhe, Sm, Xv
_f, Mdd, Mdd, Gd^Es, Gd^Gvs, Wwf, Wwf, Hhd^Es, Hhd, Gs, Gs, Rb, Ss, Re^Bp|, Re, Ur, Ias, Cd, 4 Kd, Ias^Bp/, Ias, Cd, Cd, Ur, Re, Re^Bp|, Ss, Rb, Gll, Gd, Gd, Uhe^Dr, Gll, Gll, Rb, Uh^Eb, Ur, Tb, Xv
_f, Mdd, Aa, Hhd^Fmf, Gd^Fmw, Wwf, Aa, Gd, Gd^Fmf, Gs, Gd, Wwg, Wwg, Cdr^Dr, Re^Vdr, Ias, Re^Vdr, Cd, Cdr, Ias, Ias, Rb, Rb^Edb, Rb, Re^Vdr, Cdr, Wwg, Wwg, Gll, Gd, Uue, Gll, Rb, Rb, Ur^Edb, Rb, Gll, Gd, _f
_f, Aa, Aa^Esa, Hhd^Fmf, Gd, Gd, Gd^Esa, Gd, Gd^Es, Gd^Gvs, Gd, Wwg, Wwf, Kd, Ias, Ias, Ias, Ias, Cdr, Rb^Edb, Uhe, Uhe^Ecf, Uhe, Ias, Ias, Kd, Wwf, Wwg, Gll, Uue, Sm^Edb, Gll^Es, Rb, Ur^Edb, Gd^Edb, Gd, Gll^Fdw, Uue, _f
_f, Ha, Gd, Gd, Gd^Fmf, Gd, Gs, Hhd^Es, Gd, Gs^Es, Gd, Sm, Wwf, Ias, Kdr, Re^Vdr, Ur^Edb, Re, Re, Re, Uhe^Ecf, Uh, Uhe^Ecf, Re^Edb, Kdr, Re, Wwf, Sm, Gll, Gd, Tb, Gll^Fdw, Ur, Uhe, Uhe, Gd, Gll, Sm, _f
_f, Ha, Ha, Hhd^Fmf, Gd, Gs^Es, Gs, Gd, Wwf, Gd, Wwf, Wwf, Sm, Wwf, Wwg, Cdr, Rd^Bp\, Uue^Edb, Re^Vdr, Ias, Re^Vdr, Uhe, Rd^Bp/, Cdr^Dr, Wwg, Wwf, Sm, Wwf, Wwf, Gll, Gll^Vu, Uue, Uue, Uhe, Rb, Uue, Ur, Gll^Edb, _f
_f, Aa, Wwf, Gd^Fmw, Gd, Gd, Wwf, Wwf, Dd, Wwf, Dd, Dd, Dd, Wwg, Wwg, Ss, Ss, Cdr^Dr, Kdr, Ias, Kd, Cdr, Ss, Ss, Wwg, Wwg, Ds, Dd, Dd, Wwf, Rb, Gll, Gll, Gll^Fdw, Gll^Fdw, Rb, Uhe, Gd, _f
_f, Aa, Hhd, Gs^Esa, Gs, Wwf, Dd, Dd, Dd^Edpp, Dd^Vda, Dd, Dd, Ds^Esd, Dd, Dd, Rb, Wwg, Wwg, Sm, Re, Sm, Wwg, Wwg, Rb, Dd, Ds, Ds, Dd, Dd, Wwf, Wwf, Rb, Rb, Rb^Edb, Wwf, Rb, Gll, Ur, _f
_f, Gd^Fmw, Gd, Gs^Es, Gd, Wwf, Dd, Dd, Dd, Dd, Hd, Ds^Edp, Ds^Esd, Ds^Edpp, Ds, Dd, Dd, Wwg, Wwg, Ww^Bp|, Wwg, Wwg, Dd, Dd^Esd, Dd^Esd, Ds, Ds^Esd, Dd^Edpp, Dd^Edpp, Dd, Dd, Wwf, Wwf, Wwf, Sm, Wwf, Wwf, Tb, Xv
_f, Gd, Wwf, Gd, Wwf, Wwf, Dd, Dd, Dd, Dd, Hd, Hd^Edpp, Dd, Dd^Dc, Ds, Dd, Dd, Dd, Dd, Rd, Dd, Dd, Dd, Dd, Hd, Ds^Esd, Dd^Dc, Dd, Dd, Dd, Dd, Dd, Dd, Dd, Dd, Sm, Wwf, Rb, _f
_f, Wwf, Dd, Wwf, Dd, Dd, Dd^Esd, Dd^Do, Dd, Dd, Rd, Hd, Dd, Dd, Dd^Edp, Dd^Do, Dd, Ds^Esd, Dd, Rd^Esd, Rd, Dd^Edp, Dd, Dd, Hd, Hd, Dd^Edp, Dd, Dd, Dd^Ftd, Dd, Dd, Dd, Dd, Hd, Dd, Dd, Wwf, _f
_f, _f, _f, Dd, Dd^Esd, Dd^Dc, Hd, Dd^Esd, Dd, Cdr^Ebn, Rd, Dd, Rd, Dd, Dd^Edp, Dd^Edp, Dd, Hd, Hd, Dd, Dd^Vda, Rd, Dd, Dd^Edp, Dd, Dd, Dd^Ftd, Dd^Ftd, Rd, Cdr^Ebn, Rd, Rd, Dd, Dd^Do, Hd, Hd, Xv, _f, _f
_f, _f, _f, _f, _f, Dd, Mdd, Hd, Dd^Ftd, Dd^Ftd, Ds, Rd, Cd, Rd, Rd, Rd^Esd, Ias, Dd, Dd^Esd, Dd, Rd, Rd, Rd, Dd, Dd, Dd, Cd, Rd, Dd, Dd, Dd^Edpp, Dd, Dd^Edpp, Dd^Ftp, _f, _f, _f, _f, _f
_f, _f, _f, _f, _f, _f, _f, Hd^Ftp, Hd^Ftp, Dd^Ftd, Mdd^Edpp, Ds, Kd, Cd, Dd, Dd, Ds, Ias, Rd, Ias, Rd, Dd, Dd, Rd, Rd^Esd, Cd, Kd, Rd, Dd, Dd^Ftd, Dd^Ftp, Hd, _f, _f, _f, _f, _f, _f, _f
_f, _f, _f, _f, _f, _f, _f, _f, _f, Mdd^Edpp, Mdd, Hd^Edpp, Dd^Edpp, Dd^Esd, Dd^Esd, Dd^Edpp, Dd^Edpp, Dd, Dd, Ias, Dd, Dd, Dd^Edpp, Dd^Esd, Dd, Rd, Rd, Rd, Dd^Edpp, Dd^Ftp, _f, _f, _f, _f, _f, _f, _f, _f, _f
_f, _f, _f, _f, _f, _f, _f, _f, _f, _f, _f, Mdd, Hd^Ftp, Dd^Ftp, Mdd^Edpp, Dd^Dc, Hd^Esd, Dd, Rd, Rd, Rd, Dd, Dd^Ftd, Dd^Ftd, Dd^Ftp, Mdd^Edpp, Mdd, Mdd, _f, _f, _f, _f, _f, _f, _f, _f, _f, _f, _f
_f, _f, _f, _f, _f, _f, _f, _f, _f, _f, _f, _f, _f, Mdd, Mdd, Hd, Hd^Ftp, Dd, Rd^Esd, Cd, Rd^Esd, Dd, Hd, Dd^Ftp, Dd^Ftp, Mdd^Edpp, _f, _f, _f, _f, _f, _f, _f, _f, _f, _f, _f, _f, _f
_f, _f, _f, _f, _f, _f, _f, _f, _f, _f, _f, _f, _f, _f, _f, Mdd^Ftp, Dd^Ftp, Rd, Cd, Kd, Cd, Rd, Dd, Dd^Ftp, _f, _f, _f, _f, _f, _f, _f, _f, _f, _f, _f, _f, _f, _f, _f
_f, _f, _f, _f, _f, _f, _f, _f, _f, _f, _f, _f, _f, _f, _f, _f, _f, Rd, Rd, Ias, Rd, Rd, _f, _f, _f, _f, _f, _f, _f, _f, _f, _f, _f, _f, _f, _f, _f, _f, _f
_f, _f, _f, _f, _f, _f, _f, _f, _f, _f, _f, _f, _f, _f, _f, _f, _f, _f, _f, Ias, _f, _f, _f, _f, _f, _f, _f, _f, _f, _f, _f, _f, _f, _f, _f, _f, _f, _f, _f
_f, _f, _f, _f, _f, _f, _f, _f, _f, _f, _f, _f, _f, _f, _f, _f, _f, _f, _f, _f, _f, _f, _f, _f, _f, _f, _f, _f, _f, _f, _f, _f, _f, _f, _f, _f, _f, _f, _f
